node.exe : 
[31mÔ£ù[39m Build 
failed in 13.87s
At line:1 char:1
+ & "C:\Program 
Files\nodejs/node.exe" 
"C:\Users\ANTONY\AppDat
a\Roaming ...
+ ~~~~~~~~~~~~~~~~~~~~~
~~~~~~~~~~~~~~~~~~~~~~~
~~~~~~~~~~~~~~~~~~~~~~~
~~
    + CategoryInfo     
         : NotSpecifi  
  ed: ([31mÔ£ù[39m   
  Build failed in 1    
3.87s:String) [],     
RemoteException
    + FullyQualifiedEr 
   rorId : NativeComm  
  andError
 
[31merror during 
build:
[31mCould not resolve 
"../../../hooks/useMous
eParallax" from "src/co
mponents/sections/Hero.
jsx"[31m
file: [36mC:/Users/ANT
ONY/portofolio/src/comp
onents/sections/Hero.js
x[31m
    at getRollupError (
file:///C:/Users/ANTONY
/portofolio/node_module
s/rollup/dist/es/shared
/parseAst.js:402:41)
    at error (file:///C
:/Users/ANTONY/portofol
io/node_modules/rollup/
dist/es/shared/parseAst
.js:398:42)
    at ModuleLoader.han
dleInvalidResolvedId (f
ile:///C:/Users/ANTONY/
portofolio/node_modules
/rollup/dist/es/shared/
node-entry.js:21710:24)
    at file:///C:/Users
/ANTONY/portofolio/node
_modules/rollup/dist/es
/shared/node-entry.js:2
1670:26[39m
